Archive member included to satisfy reference by file (symbol)

/Users/felipeneves/Documents/toolchains/arm-gcc/bin/../lib/gcc/arm-none-eabi/5.3.1/../../../../arm-none-eabi/lib/armv7e-m/fpu/fpv5-sp-d16/libg.a(lib_a-exit.o)
                              /Users/felipeneves/Documents/toolchains/arm-gcc/bin/../lib/gcc/arm-none-eabi/5.3.1/../../../../arm-none-eabi/lib/armv7e-m/fpu/fpv5-sp-d16/crt0.o (exit)
/Users/felipeneves/Documents/toolchains/arm-gcc/bin/../lib/gcc/arm-none-eabi/5.3.1/../../../../arm-none-eabi/lib/armv7e-m/fpu/fpv5-sp-d16/libg.a(lib_a-impure.o)
                              /Users/felipeneves/Documents/toolchains/arm-gcc/bin/../lib/gcc/arm-none-eabi/5.3.1/../../../../arm-none-eabi/lib/armv7e-m/fpu/fpv5-sp-d16/libg.a(lib_a-exit.o) (_global_impure_ptr)
/Users/felipeneves/Documents/toolchains/arm-gcc/bin/../lib/gcc/arm-none-eabi/5.3.1/../../../../arm-none-eabi/lib/armv7e-m/fpu/fpv5-sp-d16/libg.a(lib_a-init.o)
                              /Users/felipeneves/Documents/toolchains/arm-gcc/bin/../lib/gcc/arm-none-eabi/5.3.1/../../../../arm-none-eabi/lib/armv7e-m/fpu/fpv5-sp-d16/crt0.o (__libc_init_array)
/Users/felipeneves/Documents/toolchains/arm-gcc/bin/../lib/gcc/arm-none-eabi/5.3.1/../../../../arm-none-eabi/lib/armv7e-m/fpu/fpv5-sp-d16/libg.a(lib_a-memset.o)
                              /Users/felipeneves/Documents/toolchains/arm-gcc/bin/../lib/gcc/arm-none-eabi/5.3.1/../../../../arm-none-eabi/lib/armv7e-m/fpu/fpv5-sp-d16/crt0.o (memset)
/Users/felipeneves/Documents/toolchains/arm-gcc/bin/../lib/gcc/arm-none-eabi/5.3.1/../../../../arm-none-eabi/lib/armv7e-m/fpu/fpv5-sp-d16/libg.a(lib_a-__call_atexit.o)
                              /Users/felipeneves/Documents/toolchains/arm-gcc/bin/../lib/gcc/arm-none-eabi/5.3.1/../../../../arm-none-eabi/lib/armv7e-m/fpu/fpv5-sp-d16/libg.a(lib_a-exit.o) (__call_exitprocs)
/Users/felipeneves/Documents/toolchains/arm-gcc/bin/../lib/gcc/arm-none-eabi/5.3.1/../../../../arm-none-eabi/lib/armv7e-m/fpu/fpv5-sp-d16/libg.a(lib_a-atexit.o)
                              /Users/felipeneves/Documents/toolchains/arm-gcc/bin/../lib/gcc/arm-none-eabi/5.3.1/../../../../arm-none-eabi/lib/armv7e-m/fpu/fpv5-sp-d16/libg.a(lib_a-__call_atexit.o) (atexit)
/Users/felipeneves/Documents/toolchains/arm-gcc/bin/../lib/gcc/arm-none-eabi/5.3.1/../../../../arm-none-eabi/lib/armv7e-m/fpu/fpv5-sp-d16/libg.a(lib_a-fini.o)
                              /Users/felipeneves/Documents/toolchains/arm-gcc/bin/../lib/gcc/arm-none-eabi/5.3.1/../../../../arm-none-eabi/lib/armv7e-m/fpu/fpv5-sp-d16/libg.a(lib_a-__call_atexit.o) (__libc_fini_array)
/Users/felipeneves/Documents/toolchains/arm-gcc/bin/../lib/gcc/arm-none-eabi/5.3.1/../../../../arm-none-eabi/lib/armv7e-m/fpu/fpv5-sp-d16/libg.a(lib_a-__atexit.o)
                              /Users/felipeneves/Documents/toolchains/arm-gcc/bin/../lib/gcc/arm-none-eabi/5.3.1/../../../../arm-none-eabi/lib/armv7e-m/fpu/fpv5-sp-d16/libg.a(lib_a-atexit.o) (__register_exitproc)
/Users/felipeneves/Documents/toolchains/arm-gcc/bin/../lib/gcc/arm-none-eabi/5.3.1/../../../../arm-none-eabi/lib/armv7e-m/fpu/fpv5-sp-d16/libnosys.a(_exit.o)
                              /Users/felipeneves/Documents/toolchains/arm-gcc/bin/../lib/gcc/arm-none-eabi/5.3.1/../../../../arm-none-eabi/lib/armv7e-m/fpu/fpv5-sp-d16/libg.a(lib_a-exit.o) (_exit)

Allocating common symbols
Common symbol       size              file

uwTick              0x4               drivers/stm32f4xx_hal.o
pFlash              0x20              drivers/stm32f4xx_hal_flash.o
TimHandle           0x3c              drivers/stm32f4xx_hal_timebase_tim_template.o
I2cHandle           0x44              board/stm32f429i_discovery.o
LcdDrv              0x4               board/stm32f429i_discovery_lcd.o

Discarded input sections

 .text          0x0000000000000000        0x0 /Users/felipeneves/Documents/toolchains/arm-gcc/bin/../lib/gcc/arm-none-eabi/5.3.1/armv7e-m/fpu/fpv5-sp-d16/crti.o
 .data          0x0000000000000000        0x0 /Users/felipeneves/Documents/toolchains/arm-gcc/bin/../lib/gcc/arm-none-eabi/5.3.1/armv7e-m/fpu/fpv5-sp-d16/crti.o
 .bss           0x0000000000000000        0x0 /Users/felipeneves/Documents/toolchains/arm-gcc/bin/../lib/gcc/arm-none-eabi/5.3.1/armv7e-m/fpu/fpv5-sp-d16/crti.o
 .data          0x0000000000000000        0x4 /Users/felipeneves/Documents/toolchains/arm-gcc/bin/../lib/gcc/arm-none-eabi/5.3.1/armv7e-m/fpu/fpv5-sp-d16/crtbegin.o
 .text          0x0000000000000000       0x74 /Users/felipeneves/Documents/toolchains/arm-gcc/bin/../lib/gcc/arm-none-eabi/5.3.1/../../../../arm-none-eabi/lib/armv7e-m/fpu/fpv5-sp-d16/crt0.o
 .data          0x0000000000000000        0x0 /Users/felipeneves/Documents/toolchains/arm-gcc/bin/../lib/gcc/arm-none-eabi/5.3.1/../../../../arm-none-eabi/lib/armv7e-m/fpu/fpv5-sp-d16/crt0.o
 .bss           0x0000000000000000        0x0 /Users/felipeneves/Documents/toolchains/arm-gcc/bin/../lib/gcc/arm-none-eabi/5.3.1/../../../../arm-none-eabi/lib/armv7e-m/fpu/fpv5-sp-d16/crt0.o
[...]
Memory Configuration

Name             Origin             Length             Attributes
FLASH            0x0000000008000000 0x0000000000200000 xr
RAM              0x0000000020000000 0x0000000000030000 xrw
CCMRAM           0x0000000010000000 0x0000000000010000 rw
*default*        0x0000000000000000 0xffffffffffffffff

Linker script and memory map

LOAD /Users/felipeneves/Documents/toolchains/arm-gcc/bin/../lib/gcc/arm-none-eabi/5.3.1/armv7e-m/fpu/fpv5-sp-d16/crti.o
LOAD /Users/felipeneves/Documents/toolchains/arm-gcc/bin/../lib/gcc/arm-none-eabi/5.3.1/armv7e-m/fpu/fpv5-sp-d16/crtbegin.o
LOAD /Users/felipeneves/Documents/toolchains/arm-gcc/bin/../lib/gcc/arm-none-eabi/5.3.1/../../../../arm-none-eabi/lib/armv7e-m/fpu/fpv5-sp-d16/crt0.o
START GROUP
LOAD drivers/stm32f4xx_hal.o
LOAD drivers/stm32f4xx_hal_adc.o
LOAD drivers/stm32f4xx_hal_adc_ex.o
LOAD drivers/stm32f4xx_hal_can.o
LOAD drivers/stm32f4xx_hal_cec.o
LOAD drivers/stm32f4xx_hal_cortex.o
LOAD drivers/stm32f4xx_hal_crc.o
LOAD drivers/stm32f4xx_hal_cryp.o
LOAD drivers/stm32f4xx_hal_cryp_ex.o
LOAD drivers/stm32f4xx_hal_dac.o
LOAD drivers/stm32f4xx_hal_dac_ex.o
LOAD drivers/stm32f4xx_hal_dcmi.o
LOAD drivers/stm32f4xx_hal_dcmi_ex.o
LOAD drivers/stm32f4xx_hal_dma.o
LOAD drivers/stm32f4xx_hal_dma2d.o
LOAD drivers/stm32f4xx_hal_dma_ex.o
LOAD drivers/stm32f4xx_hal_dsi.o
LOAD drivers/stm32f4xx_hal_eth.o
LOAD drivers/stm32f4xx_hal_flash.o
LOAD drivers/stm32f4xx_hal_flash_ex.o
LOAD drivers/stm32f4xx_hal_flash_ramfunc.o
LOAD drivers/stm32f4xx_hal_fmpi2c.o
LOAD drivers/stm32f4xx_hal_fmpi2c_ex.o
LOAD drivers/stm32f4xx_hal_gpio.o
LOAD drivers/stm32f4xx_hal_hash.o
LOAD drivers/stm32f4xx_hal_hash_ex.o
LOAD drivers/stm32f4xx_hal_hcd.o
LOAD drivers/stm32f4xx_hal_i2c.o
LOAD drivers/stm32f4xx_hal_i2c_ex.o
LOAD drivers/stm32f4xx_hal_i2s.o
LOAD drivers/stm32f4xx_hal_i2s_ex.o
LOAD drivers/stm32f4xx_hal_irda.o
LOAD drivers/stm32f4xx_hal_iwdg.o
LOAD drivers/stm32f4xx_hal_lptim.o
LOAD drivers/stm32f4xx_hal_ltdc.o
LOAD drivers/stm32f4xx_hal_ltdc_ex.o
LOAD drivers/stm32f4xx_hal_msp_template.o
LOAD drivers/stm32f4xx_hal_nand.o
LOAD drivers/stm32f4xx_hal_nor.o
LOAD drivers/stm32f4xx_hal_pccard.o
LOAD drivers/stm32f4xx_hal_pcd.o
LOAD drivers/stm32f4xx_hal_pcd_ex.o
LOAD drivers/stm32f4xx_hal_pwr.o
LOAD drivers/stm32f4xx_hal_pwr_ex.o
LOAD drivers/stm32f4xx_hal_qspi.o
LOAD drivers/stm32f4xx_hal_rcc.o
LOAD drivers/stm32f4xx_hal_rcc_ex.o
LOAD drivers/stm32f4xx_hal_rng.o
LOAD drivers/stm32f4xx_hal_rtc.o
LOAD drivers/stm32f4xx_hal_rtc_ex.o
LOAD drivers/stm32f4xx_hal_sai.o
LOAD drivers/stm32f4xx_hal_sai_ex.o
LOAD drivers/stm32f4xx_hal_sd.o
LOAD drivers/stm32f4xx_hal_sdram.o
LOAD drivers/stm32f4xx_hal_smartcard.o
LOAD drivers/stm32f4xx_hal_spdifrx.o
LOAD drivers/stm32f4xx_hal_spi.o
LOAD drivers/stm32f4xx_hal_sram.o
LOAD drivers/stm32f4xx_hal_tim.o
LOAD drivers/stm32f4xx_hal_tim_ex.o
LOAD drivers/stm32f4xx_hal_timebase_tim_template.o
LOAD drivers/stm32f4xx_hal_uart.o
LOAD drivers/stm32f4xx_hal_usart.o
LOAD drivers/stm32f4xx_hal_wwdg.o
LOAD drivers/stm32f4xx_ll_fmc.o
LOAD drivers/stm32f4xx_ll_fsmc.o
LOAD drivers/stm32f4xx_ll_sdmmc.o
LOAD drivers/stm32f4xx_ll_usb.o
LOAD board/stm32f429i_discovery.o
LOAD board/stm32f429i_discovery_eeprom.o
LOAD board/stm32f429i_discovery_gyroscope.o
LOAD board/stm32f429i_discovery_io.o
LOAD board/stm32f429i_discovery_lcd.o
LOAD board/stm32f429i_discovery_sdram.o
LOAD board/stm32f429i_discovery_ts.o
LOAD board/Components/ili9341.o
LOAD board/Components/l3gd20.o
LOAD board/Components/stmpe811.o
LOAD board/Fonts/font12.o
LOAD board/Fonts/font16.o
LOAD board/Fonts/font20.o
LOAD board/Fonts/font24.o
LOAD board/Fonts/font8.o
LOAD main.o
LOAD system/system_stm32f4xx.o
LOAD /var/folders/wv/1vw_7vkx389fy9rnb4zx77wr0000gn/T//ccUB1eXD.o
END GROUP
LOAD /Users/felipeneves/Documents/toolchains/arm-gcc/bin/../lib/gcc/arm-none-eabi/5.3.1/../../../../arm-none-eabi/lib/armv7e-m/fpu/fpv5-sp-d16/libstdc++.a
LOAD /Users/felipeneves/Documents/toolchains/arm-gcc/bin/../lib/gcc/arm-none-eabi/5.3.1/../../../../arm-none-eabi/lib/armv7e-m/fpu/fpv5-sp-d16/libm.a
START GROUP
LOAD /Users/felipeneves/Documents/toolchains/arm-gcc/bin/../lib/gcc/arm-none-eabi/5.3.1/armv7e-m/fpu/fpv5-sp-d16/libgcc.a
LOAD /Users/felipeneves/Documents/toolchains/arm-gcc/bin/../lib/gcc/arm-none-eabi/5.3.1/../../../../arm-none-eabi/lib/armv7e-m/fpu/fpv5-sp-d16/libg.a
LOAD /Users/felipeneves/Documents/toolchains/arm-gcc/bin/../lib/gcc/arm-none-eabi/5.3.1/../../../../arm-none-eabi/lib/armv7e-m/fpu/fpv5-sp-d16/libc.a
END GROUP
START GROUP
LOAD /Users/felipeneves/Documents/toolchains/arm-gcc/bin/../lib/gcc/arm-none-eabi/5.3.1/armv7e-m/fpu/fpv5-sp-d16/libgcc.a
LOAD /Users/felipeneves/Documents/toolchains/arm-gcc/bin/../lib/gcc/arm-none-eabi/5.3.1/../../../../arm-none-eabi/lib/armv7e-m/fpu/fpv5-sp-d16/libc.a
LOAD /Users/felipeneves/Documents/toolchains/arm-gcc/bin/../lib/gcc/arm-none-eabi/5.3.1/../../../../arm-none-eabi/lib/armv7e-m/fpu/fpv5-sp-d16/libnosys.a
END GROUP
LOAD /Users/felipeneves/Documents/toolchains/arm-gcc/bin/../lib/gcc/arm-none-eabi/5.3.1/armv7e-m/fpu/fpv5-sp-d16/crtend.o
LOAD /Users/felipeneves/Documents/toolchains/arm-gcc/bin/../lib/gcc/arm-none-eabi/5.3.1/armv7e-m/fpu/fpv5-sp-d16/crtn.o
                0x0000000020030000                _estack = 0x20030000
                0x0000000000000200                _Min_Heap_Size = 0x200
                0x0000000000000400                _Min_Stack_Size = 0x400

.isr_vector     0x0000000008000000      0x1ac
                0x0000000008000000                . = ALIGN (0x4)
 *(.isr_vector)
 .isr_vector    0x0000000008000000      0x1ac /var/folders/wv/1vw_7vkx389fy9rnb4zx77wr0000gn/T//ccUB1eXD.o
                0x0000000008000000                g_pfnVectors
                0x00000000080001ac                . = ALIGN (0x4)

.text           0x00000000080001ac    0x14588
                0x00000000080001ac                . = ALIGN (0x4)
 *(.text)
 .text          0x00000000080001ac       0x5c /Users/felipeneves/Documents/toolchains/arm-gcc/bin/../lib/gcc/arm-none-eabi/5.3.1/armv7e-m/fpu/fpv5-sp-d16/crtbegin.o
 .text          0x0000000008000208      0x37c drivers/stm32f4xx_hal.o
                0x0000000008000208                HAL_Init
                0x000000000800024c                HAL_DeInit
                0x00000000080002fc                HAL_IncTick
                0x0000000008000318                HAL_GetTick
                0x0000000008000330                HAL_Delay
                0x000000000800039c                HAL_GetHalVersion
                0x00000000080003b0                HAL_GetREVID
                0x00000000080003c8                HAL_GetDEVID
                0x00000000080003e4                HAL_DBGMCU_EnableDBGSleepMode
                0x0000000008000404                HAL_DBGMCU_DisableDBGSleepMode
                0x0000000008000424                HAL_DBGMCU_EnableDBGStopMode
                0x0000000008000444                HAL_DBGMCU_DisableDBGStopMode
                0x0000000008000464                HAL_DBGMCU_EnableDBGStandbyMode
                0x0000000008000484                HAL_DBGMCU_DisableDBGStandbyMode
                0x00000000080004a4                HAL_EnableCompensationCell
                0x00000000080004dc                HAL_DisableCompensationCell
                0x0000000008000514                HAL_EnableMemorySwappingBank
                0x000000000800054c                HAL_DisableMemorySwappingBank
 .text          0x0000000008000584      0x5c0 drivers/stm32f4xx_hal_cortex.o
                0x0000000008000908                HAL_NVIC_SetPriorityGrouping
                0x0000000008000920                HAL_NVIC_SetPriority
                0x0000000008000958                HAL_NVIC_EnableIRQ
                0x0000000008000974                HAL_NVIC_DisableIRQ
                0x0000000008000990                HAL_NVIC_SystemReset
                0x000000000800099c                HAL_SYSTICK_Config
                0x00000000080009b4                HAL_MPU_ConfigRegion
                0x0000000008000a3c                HAL_NVIC_GetPriorityGrouping
                0x0000000008000a4c                HAL_NVIC_GetPriority
                0x0000000008000a78                HAL_NVIC_SetPendingIRQ
                0x0000000008000a94                HAL_NVIC_GetPendingIRQ
                0x0000000008000ab4                HAL_NVIC_ClearPendingIRQ
                0x0000000008000ad0                HAL_NVIC_GetActive
                0x0000000008000af0                HAL_SYSTICK_CLKSourceConfig
                0x0000000008000b28                HAL_SYSTICK_IRQHandler
                0x0000000008000b34                HAL_SYSTICK_Callback
 .text          0x0000000008000b44      0x8b0 drivers/stm32f4xx_hal_dma.o
                0x0000000008000b44                HAL_DMA_Init
                0x0000000008000c1c                HAL_DMA_DeInit
                0x0000000008000cb4                HAL_DMA_Start
                0x0000000008000d18                HAL_DMA_Start_IT
                0x0000000008000d9c                HAL_DMA_Abort
                0x0000000008000e18                HAL_DMA_PollForTransfer
                0x0000000008001020                HAL_DMA_IRQHandler
                0x00000000080012f8                HAL_DMA_GetState
                0x0000000008001314                HAL_DMA_GetError
 .text          0x00000000080013f4      0xdd4 drivers/stm32f4xx_hal_dma2d.o
                0x00000000080013f4                HAL_DMA2D_Init
                0x00000000080014b0                HAL_DMA2D_DeInit
                0x00000000080014e8                HAL_DMA2D_MspInit
                0x00000000080014fc                HAL_DMA2D_MspDeInit
                0x0000000008001510                HAL_DMA2D_Start
                0x0000000008001568                HAL_DMA2D_Start_IT
                0x00000000080015d0                HAL_DMA2D_BlendingStart
                0x0000000008001630                HAL_DMA2D_BlendingStart_IT
                0x00000000080016a0                HAL_DMA2D_Abort
                0x0000000008001724                HAL_DMA2D_Suspend
                0x00000000080017b0                HAL_DMA2D_Resume
                0x00000000080017ec                HAL_DMA2D_CLUTLoad_IT
                0x00000000080018c0                HAL_DMA2D_PollForTransfer
                0x0000000008001ac0                HAL_DMA2D_IRQHandler
                0x0000000008001cd8                HAL_DMA2D_LineEventCallback
                0x0000000008001cec                HAL_DMA2D_CLUTLoadingCpltCallback
                0x0000000008001d00                HAL_DMA2D_ConfigLayer
                0x0000000008001ebc                HAL_DMA2D_ConfigCLUT
                0x0000000008001f60                HAL_DMA2D_EnableCLUT
                0x0000000008001fc0                HAL_DMA2D_DisableCLUT
                0x0000000008002000                HAL_DMA2D_ProgramLineEvent
                0x0000000008002050                HAL_DMA2D_GetState
                0x000000000800206c                HAL_DMA2D_GetError
 .text          0x00000000080021c8      0x68c drivers/stm32f4xx_hal_gpio.o
                0x00000000080021c8                HAL_GPIO_Init
                0x000000000800251c                HAL_GPIO_DeInit
                0x0000000008002734                HAL_GPIO_ReadPin
                0x0000000008002764                HAL_GPIO_WritePin
                0x0000000008002798                HAL_GPIO_TogglePin
                0x00000000080027bc                HAL_GPIO_LockPin
                0x000000000800280c                HAL_GPIO_EXTI_IRQHandler
                0x000000000800283c                HAL_GPIO_EXTI_Callback
 .text          0x0000000008002854     0x4618 drivers/stm32f4xx_hal_i2c.o
                0x0000000008002854                HAL_I2C_Init
                0x0000000008002a14                HAL_I2C_DeInit
                0x0000000008002a74                HAL_I2C_MspInit
                0x0000000008002a88                HAL_I2C_MspDeInit
                0x0000000008002a9c                HAL_I2C_Master_Transmit
                0x0000000008002c40                HAL_I2C_Master_Receive
                0x0000000008002f80                HAL_I2C_Slave_Transmit
                0x0000000008003150                HAL_I2C_Slave_Receive
                0x0000000008003318                HAL_I2C_Master_Transmit_IT
                0x0000000008003460                HAL_I2C_Master_Receive_IT
                0x0000000008003648                HAL_I2C_Master_Sequential_Transmit_IT
                0x00000000080037a8                HAL_I2C_Master_Sequential_Receive_IT
                0x0000000008003a10                HAL_I2C_Slave_Transmit_IT
                0x0000000008003ae4                HAL_I2C_Slave_Receive_IT
                0x0000000008003bb8                HAL_I2C_Slave_Sequential_Transmit_IT
                0x0000000008003c78                HAL_I2C_Slave_Sequential_Receive_IT
                0x0000000008003d38                HAL_I2C_EnableListen_IT
                0x0000000008003d88                HAL_I2C_DisableListen_IT
                0x0000000008003e00                HAL_I2C_Master_Transmit_DMA
                0x0000000008003fb4                HAL_I2C_Master_Receive_DMA
                0x0000000008004178                HAL_I2C_Master_Abort_IT
                0x0000000008004220                HAL_I2C_Slave_Transmit_DMA
                0x00000000080043a4                HAL_I2C_Slave_Receive_DMA
                0x00000000080044d8                HAL_I2C_Mem_Write
                0x0000000008004670                HAL_I2C_Mem_Read
                0x00000000080049ac                HAL_I2C_Mem_Write_IT
                0x0000000008004ae8                HAL_I2C_Mem_Read_IT
                0x0000000008004cdc                HAL_I2C_Mem_Write_DMA
                0x0000000008004e78                HAL_I2C_Mem_Read_DMA
                0x000000000800504c                HAL_I2C_IsDeviceReady
                0x0000000008005278                HAL_I2C_EV_IRQHandler
                0x000000000800556c                HAL_I2C_ER_IRQHandler
                0x00000000080057b4                HAL_I2C_MasterTxCpltCallback
                0x00000000080057c8                HAL_I2C_MasterRxCpltCallback
                0x00000000080057dc                HAL_I2C_SlaveTxCpltCallback
                0x00000000080057f0                HAL_I2C_SlaveRxCpltCallback
                0x0000000008005804                HAL_I2C_AddrCallback
                0x0000000008005820                HAL_I2C_ListenCpltCallback
                0x0000000008005834                HAL_I2C_MemTxCpltCallback
                0x0000000008005848                HAL_I2C_MemRxCpltCallback
                0x000000000800585c                HAL_I2C_ErrorCallback
                0x0000000008005870                HAL_I2C_GetState
                0x000000000800588c                HAL_I2C_GetMode
                0x00000000080058a8                HAL_I2C_GetError
 .text          0x0000000008006e6c      0xf1c drivers/stm32f4xx_hal_ltdc.o
                0x0000000008006e6c                HAL_LTDC_Init
                0x0000000008007024                HAL_LTDC_DeInit
                0x0000000008007054                HAL_LTDC_MspInit
                0x0000000008007068                HAL_LTDC_MspDeInit
                0x000000000800707c                HAL_LTDC_IRQHandler
                0x000000000800718c                HAL_LTDC_ErrorCallback
                0x00000000080071a0                HAL_LTDC_LineEventCallback
                0x00000000080071b4                HAL_LTDC_ConfigLayer
                0x0000000008007230                HAL_LTDC_ConfigColorKeying
                0x00000000080072bc                HAL_LTDC_ConfigCLUT
                0x00000000080073a4                HAL_LTDC_EnableColorKeying
                0x0000000008007418                HAL_LTDC_DisableColorKeying
                0x000000000800748c                HAL_LTDC_EnableCLUT
                0x0000000008007500                HAL_LTDC_DisableCLUT
                0x0000000008007574                HAL_LTDC_EnableDither
                0x00000000080075c8                HAL_LTDC_DisableDither
                0x000000000800761c                HAL_LTDC_SetWindowSize
                0x00000000080076b4                HAL_LTDC_SetWindowPosition
                0x0000000008007740                HAL_LTDC_SetPixelFormat
                0x00000000080077ac                HAL_LTDC_SetAlpha
                0x0000000008007818                HAL_LTDC_SetAddress
                0x0000000008007884                HAL_LTDC_SetPitch
                0x000000000800799c                HAL_LTDC_ProgramLineEvent
                0x00000000080079fc                HAL_LTDC_GetState
                0x0000000008007a18                HAL_LTDC_GetError
 .text          0x0000000008007d88       0x40 drivers/stm32f4xx_hal_msp_template.o
                0x0000000008007d88                HAL_MspInit
                0x0000000008007d98                HAL_MspDeInit
                0x0000000008007da8                HAL_PPP_MspInit
                0x0000000008007db8                HAL_PPP_MspDeInit
 .text          0x0000000008007dc8      0xaf8 drivers/stm32f4xx_hal_rcc.o
                0x0000000008007dd8                HAL_RCC_OscConfig
                0x00000000080081fc                HAL_RCC_ClockConfig
                0x00000000080083e0                HAL_RCC_MCOConfig
                0x00000000080084b0                HAL_RCC_EnableCSS
                0x00000000080084c8                HAL_RCC_DisableCSS
                0x00000000080084e0                HAL_RCC_GetSysClockFreq
                0x00000000080085dc                HAL_RCC_GetHCLKFreq
                0x000000000800862c                HAL_RCC_GetPCLK1Freq
                0x0000000008008670                HAL_RCC_GetPCLK2Freq
                0x00000000080086b4                HAL_RCC_GetOscConfig
                0x0000000008008824                HAL_RCC_GetClockConfig
                0x0000000008008888                HAL_RCC_NMI_IRQHandler
                0x00000000080088b0                HAL_RCC_CSSCallback
 .text          0x00000000080088c0      0x628 drivers/stm32f4xx_hal_rcc_ex.o
                0x00000000080088c0                HAL_RCC_DeInit
                0x0000000008008938                HAL_RCCEx_PeriphCLKConfig
                0x0000000008008d5c                HAL_RCCEx_GetPeriphCLKConfig
 .text          0x0000000008008ee8      0x6f4 drivers/stm32f4xx_hal_sdram.o
                0x0000000008008ee8                HAL_SDRAM_Init
                0x0000000008008f50                HAL_SDRAM_DeInit
                0x0000000008008f88                HAL_SDRAM_MspInit
                0x0000000008008f9c                HAL_SDRAM_MspDeInit
                0x0000000008008fb0                HAL_SDRAM_IRQHandler
                0x0000000008008fe4                HAL_SDRAM_RefreshErrorCallback
                0x0000000008008ff8                HAL_SDRAM_DMA_XferCpltCallback
                0x000000000800900c                HAL_SDRAM_DMA_XferErrorCallback
                0x0000000008009020                HAL_SDRAM_Read_8b
                0x00000000080090a0                HAL_SDRAM_Write_8b
                0x0000000008009128                HAL_SDRAM_Read_16b
                0x00000000080091a8                HAL_SDRAM_Write_16b
                0x0000000008009230                HAL_SDRAM_Read_32b
                0x00000000080092b0                HAL_SDRAM_Write_32b
                0x0000000008009338                HAL_SDRAM_Read_DMA
                0x00000000080093b8                HAL_SDRAM_Write_DMA
                0x000000000800943c                HAL_SDRAM_WriteProtection_Enable
                0x0000000008009480                HAL_SDRAM_WriteProtection_Disable
                0x00000000080094c4                HAL_SDRAM_SendCommand
                0x000000000800951c                HAL_SDRAM_ProgramRefreshRate
                0x000000000800955c                HAL_SDRAM_SetAutoRefreshNumber
                0x000000000800959c                HAL_SDRAM_GetModeStatus
                0x00000000080095c0                HAL_SDRAM_GetState
 .text          0x00000000080095dc     0x1f3c drivers/stm32f4xx_hal_spi.o
                0x00000000080095dc                HAL_SPI_Init
                0x00000000080096b0                HAL_SPI_DeInit
                0x0000000008009700                HAL_SPI_MspInit
                0x0000000008009714                HAL_SPI_MspDeInit
                0x0000000008009728                HAL_SPI_Transmit
                0x000000000800995c                HAL_SPI_Receive
                0x0000000008009c6c                HAL_SPI_TransmitReceive
                0x0000000008009f9c                HAL_SPI_Transmit_IT
                0x000000000800a0e4                HAL_SPI_Receive_IT
                0x000000000800a238                HAL_SPI_TransmitReceive_IT
                0x000000000800a388                HAL_SPI_Transmit_DMA
                0x000000000800a4d8                HAL_SPI_Receive_DMA
                0x000000000800a64c                HAL_SPI_TransmitReceive_DMA
                0x000000000800a818                HAL_SPI_DMAPause
                0x000000000800a85c                HAL_SPI_DMAResume
                0x000000000800a8a0                HAL_SPI_DMAStop
                0x000000000800a8f0                HAL_SPI_IRQHandler
                0x000000000800aa1c                HAL_SPI_TxCpltCallback
                0x000000000800aa30                HAL_SPI_RxCpltCallback
                0x000000000800aa44                HAL_SPI_TxRxCpltCallback
                0x000000000800aa58                HAL_SPI_TxHalfCpltCallback
                0x000000000800aa6c                HAL_SPI_RxHalfCpltCallback
                0x000000000800aa80                HAL_SPI_TxRxHalfCpltCallback
                0x000000000800aa94                HAL_SPI_ErrorCallback
                0x000000000800aaa8                HAL_SPI_GetState
                0x000000000800aac4                HAL_SPI_GetError
 .text          0x000000000800b518     0x3eb0 drivers/stm32f4xx_hal_tim.o
                0x000000000800b518                HAL_TIM_Base_Init
                0x000000000800b570                HAL_TIM_Base_DeInit
                0x000000000800b5d0                HAL_TIM_Base_MspInit
                0x000000000800b5e4                HAL_TIM_Base_MspDeInit
                0x000000000800b5f8                HAL_TIM_Base_Start
                0x000000000800b630                HAL_TIM_Base_Stop
                0x000000000800b688                HAL_TIM_Base_Start_IT
                0x000000000800b6c0                HAL_TIM_Base_Stop_IT
                0x000000000800b718                HAL_TIM_Base_Start_DMA
                0x000000000800b7b0                HAL_TIM_Base_Stop_DMA
                0x000000000800b810                HAL_TIM_OC_Init
                0x000000000800b868                HAL_TIM_OC_DeInit
                0x000000000800b8c8                HAL_TIM_OC_MspInit
                0x000000000800b8dc                HAL_TIM_OC_MspDeInit
                0x000000000800b8f0                HAL_TIM_OC_Start
                0x000000000800b958                HAL_TIM_OC_Stop
                0x000000000800ba00                HAL_TIM_OC_Start_IT
                0x000000000800baf4                HAL_TIM_OC_Stop_IT
                0x000000000800bc28                HAL_TIM_OC_Start_DMA
                0x000000000800bdec                HAL_TIM_OC_Stop_DMA
                0x000000000800bf28                HAL_TIM_PWM_Init
                0x000000000800bf80                HAL_TIM_PWM_DeInit
                0x000000000800bfe0                HAL_TIM_PWM_MspInit
                0x000000000800bff4                HAL_TIM_PWM_MspDeInit
                0x000000000800c008                HAL_TIM_PWM_Start
                0x000000000800c070                HAL_TIM_PWM_Stop
                0x000000000800c120                HAL_TIM_PWM_Start_IT
                0x000000000800c214                HAL_TIM_PWM_Stop_IT
                0x000000000800c348                HAL_TIM_PWM_Start_DMA
                0x000000000800c50c                HAL_TIM_PWM_Stop_DMA
                0x000000000800c648                HAL_TIM_IC_Init
                0x000000000800c6a0                HAL_TIM_IC_DeInit
                0x000000000800c700                HAL_TIM_IC_MspInit
                0x000000000800c714                HAL_TIM_IC_MspDeInit
                0x000000000800c728                HAL_TIM_IC_Start
                0x000000000800c75c                HAL_TIM_IC_Stop
                0x000000000800c7b0                HAL_TIM_IC_Start_IT
                0x000000000800c870                HAL_TIM_IC_Stop_IT
                0x000000000800c950                HAL_TIM_IC_Start_DMA
                0x000000000800cae0                HAL_TIM_IC_Stop_DMA
                0x000000000800cbc8                HAL_TIM_OnePulse_Init
                0x000000000800cc40                HAL_TIM_OnePulse_DeInit
                0x000000000800cca0                HAL_TIM_OnePulse_MspInit
                0x000000000800ccb4                HAL_TIM_OnePulse_MspDeInit
                0x000000000800ccc8                HAL_TIM_OnePulse_Start
                0x000000000800cd30                HAL_TIM_OnePulse_Stop
                0x000000000800cde8                HAL_TIM_OnePulse_Start_IT
                0x000000000800ce70                HAL_TIM_OnePulse_Stop_IT
                0x000000000800cf48                HAL_TIM_Encoder_Init
                0x000000000800d074                HAL_TIM_Encoder_DeInit
                0x000000000800d0d4                HAL_TIM_Encoder_MspInit
                0x000000000800d0e8                HAL_TIM_Encoder_MspDeInit
                0x000000000800d0fc                HAL_TIM_Encoder_Start
                0x000000000800d16c                HAL_TIM_Encoder_Stop
                0x000000000800d1fc                HAL_TIM_Encoder_Start_IT
                0x000000000800d2ac                HAL_TIM_Encoder_Stop_IT
                0x000000000800d380                HAL_TIM_Encoder_Start_DMA
                0x000000000800d528                HAL_TIM_Encoder_Stop_DMA
                0x000000000800d5fc                HAL_TIM_IRQHandler
                0x000000000800d80c                HAL_TIM_OC_ConfigChannel
                0x000000000800d8cc                HAL_TIM_IC_ConfigChannel
                0x000000000800da04                HAL_TIM_PWM_ConfigChannel
                0x000000000800db90                HAL_TIM_OnePulse_ConfigChannel
                0x000000000800dd10                HAL_TIM_DMABurst_WriteStart
                0x000000000800def4                HAL_TIM_DMABurst_WriteStop
                0x000000000800dfa4                HAL_TIM_DMABurst_ReadStart
                0x000000000800e188                HAL_TIM_DMABurst_ReadStop
                0x000000000800e238                HAL_TIM_GenerateEvent
                0x000000000800e288                HAL_TIM_ConfigOCrefClear
                0x000000000800e3dc                HAL_TIM_ConfigClockSource
                0x000000000800e594                HAL_TIM_ConfigTI1Input
                0x000000000800e5d0                HAL_TIM_SlaveConfigSynchronization
                0x000000000800e63c                HAL_TIM_SlaveConfigSynchronization_IT
                0x000000000800e6a8                HAL_TIM_ReadCapturedValue
                0x000000000800e760                HAL_TIM_OC_DelayElapsedCallback
                0x000000000800e774                HAL_TIM_IC_CaptureCallback
                0x000000000800e788                HAL_TIM_PWM_PulseFinishedCallback
                0x000000000800e79c                HAL_TIM_TriggerCallback
                0x000000000800e7b0                HAL_TIM_ErrorCallback
                0x000000000800e7c4                HAL_TIM_Base_GetState
                0x000000000800e7e0                HAL_TIM_OC_GetState
                0x000000000800e7fc                HAL_TIM_PWM_GetState
                0x000000000800e818                HAL_TIM_IC_GetState
                0x000000000800e834                HAL_TIM_OnePulse_GetState
                0x000000000800e850                HAL_TIM_Encoder_GetState
                0x000000000800e86c                TIM_Base_SetConfig
                0x000000000800e9c0                TIM_TI1_SetConfig
                0x000000000800eab8                TIM_OC2_SetConfig
                0x000000000800eba8                TIM_DMADelayPulseCplt
                0x000000000800ec18                TIM_DMAError
                0x000000000800ec3c                TIM_DMACaptureCplt
                0x000000000800ecac                TIM_CCxChannelCmd
 .text          0x000000000800f3c8     0x14a8 drivers/stm32f4xx_hal_tim_ex.o
                0x000000000800f3c8                HAL_TIMEx_HallSensor_Init
                0x000000000800f4e0                HAL_TIMEx_HallSensor_DeInit
                0x000000000800f540                HAL_TIMEx_HallSensor_MspInit
                0x000000000800f554                HAL_TIMEx_HallSensor_MspDeInit
                0x000000000800f568                HAL_TIMEx_HallSensor_Start
                0x000000000800f598                HAL_TIMEx_HallSensor_Stop
                0x000000000800f5e8                HAL_TIMEx_HallSensor_Start_IT
                0x000000000800f628                HAL_TIMEx_HallSensor_Stop_IT
                0x000000000800f688                HAL_TIMEx_HallSensor_Start_DMA
                0x000000000800f730                HAL_TIMEx_HallSensor_Stop_DMA
                0x000000000800f790                HAL_TIMEx_OCN_Start
                0x000000000800f7d4                HAL_TIMEx_OCN_Stop
                0x000000000800f858                HAL_TIMEx_OCN_Start_IT
                0x000000000800f938                HAL_TIMEx_OCN_Stop_IT
                0x000000000800fa68                HAL_TIMEx_OCN_Start_DMA
                0x000000000800fc08                HAL_TIMEx_OCN_Stop_DMA
                0x000000000800fd20                HAL_TIMEx_PWMN_Start
                0x000000000800fd64                HAL_TIMEx_PWMN_Stop
                0x000000000800fde8                HAL_TIMEx_PWMN_Start_IT
                0x000000000800fec8                HAL_TIMEx_PWMN_Stop_IT
                0x000000000800fff8                HAL_TIMEx_PWMN_Start_DMA
                0x0000000008010198                HAL_TIMEx_PWMN_Stop_DMA
                0x00000000080102b0                HAL_TIMEx_OnePulseN_Start
                0x00000000080102e4                HAL_TIMEx_OnePulseN_Stop
                0x0000000008010368                HAL_TIMEx_OnePulseN_Start_IT
                0x00000000080103bc                HAL_TIMEx_OnePulseN_Stop_IT
                0x0000000008010460                HAL_TIMEx_ConfigCommutationEvent
                0x0000000008010500                HAL_TIMEx_ConfigCommutationEvent_IT
                0x00000000080105b0                HAL_TIMEx_ConfigCommutationEvent_DMA
                0x0000000008010678                HAL_TIMEx_MasterConfigSynchronization
                0x0000000008010704                HAL_TIMEx_ConfigBreakDeadTime
                0x0000000008010778                HAL_TIMEx_RemapConfig
                0x00000000080107c0                HAL_TIMEx_CommutationCallback
                0x00000000080107d4                HAL_TIMEx_BreakCallback
                0x00000000080107e8                HAL_TIMEx_HallSensor_GetState
                0x0000000008010804                TIMEx_DMACommutationCplt
 .text          0x0000000008010870      0x138 drivers/stm32f4xx_hal_timebase_tim_template.o
                0x0000000008010870                HAL_InitTick
                0x0000000008010938                HAL_SuspendTick
                0x000000000801095c                HAL_ResumeTick
                0x0000000008010980                HAL_TIM_PeriodElapsedCallback
                0x0000000008010994                TIM6_DAC_IRQHandler
 .text          0x00000000080109a8      0xa94 drivers/stm32f4xx_ll_fmc.o
                0x00000000080109a8                FMC_NORSRAM_Init
                0x0000000008010a70                FMC_NORSRAM_DeInit
                0x0000000008010ad8                FMC_NORSRAM_Timing_Init
                0x0000000008010b7c                FMC_NORSRAM_Extended_Timing_Init
                0x0000000008010bfc                FMC_NORSRAM_WriteOperation_Enable
                0x0000000008010c28                FMC_NORSRAM_WriteOperation_Disable
                0x0000000008010c54                FMC_NAND_Init
                0x0000000008010cd8                FMC_NAND_CommonSpace_Timing_Init
                0x0000000008010d44                FMC_NAND_AttributeSpace_Timing_Init
                0x0000000008010db0                FMC_NAND_DeInit
                0x0000000008010e28                FMC_NAND_ECC_Enable
                0x0000000008010e60                FMC_NAND_ECC_Disable
                0x0000000008010e98                FMC_NAND_GetECC
                0x0000000008010f28                FMC_PCCARD_Init
                0x0000000008010f7c                FMC_PCCARD_CommonSpace_Timing_Init
                0x0000000008010fcc                FMC_PCCARD_AttributeSpace_Timing_Init
                0x000000000801101c                FMC_PCCARD_IOSpace_Timing_Init
                0x000000000801106c                FMC_PCCARD_DeInit
                0x00000000080110b4                FMC_SDRAM_Init
                0x00000000080111a0                FMC_SDRAM_Timing_Init
                0x000000000801129c                FMC_SDRAM_DeInit
                0x00000000080112e0                FMC_SDRAM_WriteProtection_Enable
                0x000000000801130c                FMC_SDRAM_WriteProtection_Disable
                0x0000000008011338                FMC_SDRAM_SendCommand
                0x00000000080113b0                FMC_SDRAM_ProgramRefreshRate
                0x00000000080113d8                FMC_SDRAM_SetAutoRefreshNumber
                0x0000000008011400                FMC_SDRAM_GetModeStatus
 .text          0x000000000801143c      0xb58 board/stm32f429i_discovery.o
                0x000000000801143c                BSP_GetVersion
                0x0000000008011450                BSP_LED_Init
                0x00000000080114f8                BSP_LED_On
                0x000000000801152c                BSP_LED_Off
                0x0000000008011560                BSP_LED_Toggle
                0x0000000008011590                BSP_PB_Init
                0x0000000008011640                BSP_PB_GetState
                0x0000000008011b54                LCD_IO_Init
                0x0000000008011c44                LCD_IO_WriteData
                0x0000000008011c88                LCD_IO_WriteReg
                0x0000000008011ccc                LCD_IO_ReadData
                0x0000000008011d30                LCD_Delay
                0x0000000008011d48                IOE_Init
                0x0000000008011d54                IOE_ITConfig
                0x0000000008011d60                IOE_Write
                0x0000000008011d88                IOE_Read
                0x0000000008011db0                IOE_WriteMultiple
                0x0000000008011ddc                IOE_ReadMultiple
                0x0000000008011e0c                IOE_Delay
                0x0000000008011e24                GYRO_IO_Init
                0x0000000008011ebc                GYRO_IO_Write
                0x0000000008011f20                GYRO_IO_Read
 .text          0x0000000008011f94     0x1cc8 board/stm32f429i_discovery_lcd.o
                0x0000000008011f94                BSP_LCD_Init
                0x0000000008012068                BSP_LCD_GetXSize
                0x0000000008012080                BSP_LCD_GetYSize
                0x0000000008012098                BSP_LCD_LayerDefaultInit
                0x0000000008012160                BSP_LCD_SelectLayer
                0x0000000008012180                BSP_LCD_SetLayerVisible
                0x0000000008012200                BSP_LCD_SetTransparency
                0x0000000008012224                BSP_LCD_SetLayerAddress
                0x0000000008012244                BSP_LCD_SetLayerWindow
                0x0000000008012288                BSP_LCD_SetColorKeying
                0x00000000080122b0                BSP_LCD_ResetColorKeying
                0x00000000080122cc                BSP_LCD_GetTextColor
                0x00000000080122f4                BSP_LCD_GetBackColor
                0x0000000008012320                BSP_LCD_SetTextColor
                0x0000000008012350                BSP_LCD_SetBackColor
                0x0000000008012384                BSP_LCD_SetFont
                0x00000000080123b8                BSP_LCD_GetFont
                0x00000000080123e4                BSP_LCD_ReadPixel
                0x0000000008012530                BSP_LCD_Clear
                0x0000000008012580                BSP_LCD_ClearStringLine
                0x0000000008012648                BSP_LCD_DisplayChar
                0x00000000080126d0                BSP_LCD_DisplayStringAt
                0x0000000008012844                BSP_LCD_DisplayStringAtLine
                0x0000000008012874                BSP_LCD_DrawHLine
                0x00000000080128f0                BSP_LCD_DrawVLine
                0x0000000008012974                BSP_LCD_DrawLine
                0x0000000008012b08                BSP_LCD_DrawRect
                0x0000000008012b6c                BSP_LCD_DrawCircle
                0x0000000008012d4c                BSP_LCD_DrawPolygon
                0x0000000008012de8                BSP_LCD_DrawEllipse
                0x0000000008012fe0                BSP_LCD_DrawBitmap
                0x0000000008013108                BSP_LCD_FillRect
                0x00000000080131bc                BSP_LCD_FillCircle
                0x00000000080132fc                BSP_LCD_FillTriangle
                0x0000000008013478                BSP_LCD_FillPolygon
                0x000000000801363c                BSP_LCD_FillEllipse
                0x00000000080137b8                BSP_LCD_DisplayOn
                0x00000000080137d8                BSP_LCD_DisplayOff
                0x00000000080139a4                BSP_LCD_DrawPixel
 .text          0x0000000008013c5c      0x444 board/stm32f429i_discovery_sdram.o
                0x0000000008013c5c                BSP_SDRAM_Init
                0x0000000008013cf8                BSP_SDRAM_Initialization_sequence
                0x0000000008013db8                BSP_SDRAM_ReadData
                0x0000000008013ddc                BSP_SDRAM_ReadData_DMA
                0x0000000008013e00                BSP_SDRAM_WriteData
                0x0000000008013e2c                BSP_SDRAM_WriteData_DMA
                0x0000000008013e50                BSP_SDRAM_Sendcmd
                0x0000000008013e74                BSP_SDRAM_DMA_IRQHandler
 .text          0x00000000080140a0      0x350 board/Components/ili9341.o
                0x00000000080140a0                ili9341_Init
                0x0000000008014334                ili9341_ReadID
                0x000000000801434c                ili9341_DisplayOn
                0x000000000801435c                ili9341_DisplayOff
                0x000000000801436c                ili9341_WriteReg
                0x0000000008014388                ili9341_WriteData
                0x00000000080143a4                ili9341_ReadData
                0x00000000080143cc                ili9341_GetLcdPixelWidth
                0x00000000080143dc                ili9341_GetLcdPixelHeight
 .text          0x00000000080143f0       0x7c main.o
                0x00000000080143f0                main
 .text          0x000000000801446c      0x174 system/system_stm32f4xx.o
                0x000000000801446c                SystemInit
                0x00000000080144d8                SystemCoreClockUpdate
                0x00000000080145d0                SysTick_Handler
 *(.text*)
 .text.Reset_Handler
                0x00000000080145e0       0x4c /var/folders/wv/1vw_7vkx389fy9rnb4zx77wr0000gn/T//ccUB1eXD.o
                0x00000000080145e0                Reset_Handler
 .text.Default_Handler
                0x000000000801462c        0x2 /var/folders/wv/1vw_7vkx389fy9rnb4zx77wr0000gn/T//ccUB1eXD.o
                0x000000000801462c                DMA1_Stream3_IRQHandler
                0x000000000801462c                HASH_RNG_IRQHandler
                0x000000000801462c                EXTI2_IRQHandler
                0x000000000801462c                TIM8_CC_IRQHandler
                0x000000000801462c                DebugMon_Handler
                0x000000000801462c                UART8_IRQHandler
                0x000000000801462c                SPI4_IRQHandler
                0x000000000801462c                TIM1_CC_IRQHandler
                0x000000000801462c                DMA2_Stream5_IRQHandler
                0x000000000801462c                HardFault_Handler
                0x000000000801462c                DMA1_Stream5_IRQHandler
                0x000000000801462c                PVD_IRQHandler
                0x000000000801462c                SDIO_IRQHandler
                0x000000000801462c                TAMP_STAMP_IRQHandler
                0x000000000801462c                PendSV_Handler
                0x000000000801462c                NMI_Handler
                0x000000000801462c                CAN2_RX1_IRQHandler
                0x000000000801462c                EXTI3_IRQHandler
                0x000000000801462c                TIM8_TRG_COM_TIM14_IRQHandler
                0x000000000801462c                TIM1_UP_TIM10_IRQHandler
                0x000000000801462c                TIM8_UP_TIM13_IRQHandler
                0x000000000801462c                I2C3_ER_IRQHandler
                0x000000000801462c                EXTI0_IRQHandler
                0x000000000801462c                I2C2_EV_IRQHandler
                0x000000000801462c                DMA1_Stream2_IRQHandler
                0x000000000801462c                CAN1_RX0_IRQHandler
                0x000000000801462c                FPU_IRQHandler
                0x000000000801462c                OTG_HS_WKUP_IRQHandler
                0x000000000801462c                UsageFault_Handler
                0x000000000801462c                LTDC_ER_IRQHandler
                0x000000000801462c                CAN2_SCE_IRQHandler
                0x000000000801462c                DMA2_Stream2_IRQHandler
                0x000000000801462c                SPI1_IRQHandler
                0x000000000801462c                TIM1_BRK_TIM9_IRQHandler
                0x000000000801462c                DCMI_IRQHandler
                0x000000000801462c                CAN2_RX0_IRQHandler
                0x000000000801462c                DMA2_Stream3_IRQHandler
                0x000000000801462c                USART6_IRQHandler
                0x000000000801462c                USART3_IRQHandler
                0x000000000801462c                CAN1_RX1_IRQHandler
                0x000000000801462c                UART5_IRQHandler
                0x000000000801462c                DMA2_Stream0_IRQHandler
                0x000000000801462c                TIM4_IRQHandler
                0x000000000801462c                I2C1_EV_IRQHandler
                0x000000000801462c                DMA1_Stream6_IRQHandler
                0x000000000801462c                DMA1_Stream1_IRQHandler
                0x000000000801462c                UART4_IRQHandler
                0x000000000801462c                TIM3_IRQHandler
                0x000000000801462c                RCC_IRQHandler
                0x000000000801462c                TIM8_BRK_TIM12_IRQHandler
                0x000000000801462c                Default_Handler
                0x000000000801462c                EXTI15_10_IRQHandler
                0x000000000801462c                ADC_IRQHandler
                0x000000000801462c                DMA1_Stream7_IRQHandler
                0x000000000801462c                SPI5_IRQHandler
                0x000000000801462c                TIM7_IRQHandler
                0x000000000801462c                CAN2_TX_IRQHandler
                0x000000000801462c                TIM5_IRQHandler
                0x000000000801462c                DMA2_Stream7_IRQHandler
                0x000000000801462c                I2C3_EV_IRQHandler
                0x000000000801462c                EXTI9_5_IRQHandler
                0x000000000801462c                RTC_WKUP_IRQHandler
                0x000000000801462c                LTDC_IRQHandler
                0x000000000801462c                ETH_WKUP_IRQHandler
                0x000000000801462c                SPI2_IRQHandler
                0x000000000801462c                OTG_HS_EP1_IN_IRQHandler
                0x000000000801462c                MemManage_Handler
                0x000000000801462c                DMA1_Stream0_IRQHandler
                0x000000000801462c                CAN1_TX_IRQHandler
                0x000000000801462c                SVC_Handler
                0x000000000801462c                EXTI4_IRQHandler
                0x000000000801462c                ETH_IRQHandler
                0x000000000801462c                OTG_HS_EP1_OUT_IRQHandler
                0x000000000801462c                WWDG_IRQHandler
                0x000000000801462c                SPI6_IRQHandler
                0x000000000801462c                TIM2_IRQHandler
                0x000000000801462c                OTG_FS_WKUP_IRQHandler
                0x000000000801462c                TIM1_TRG_COM_TIM11_IRQHandler
                0x000000000801462c                OTG_HS_IRQHandler
                0x000000000801462c                DMA2D_IRQHandler
                0x000000000801462c                EXTI1_IRQHandler
                0x000000000801462c                UART7_IRQHandler
                0x000000000801462c                USART2_IRQHandler
                0x000000000801462c                I2C2_ER_IRQHandler
                0x000000000801462c                DMA2_Stream1_IRQHandler
                0x000000000801462c                CAN1_SCE_IRQHandler
                0x000000000801462c                FLASH_IRQHandler
                0x000000000801462c                DMA2_Stream4_IRQHandler
                0x000000000801462c                BusFault_Handler
                0x000000000801462c                USART1_IRQHandler
                0x000000000801462c                OTG_FS_IRQHandler
                0x000000000801462c                SPI3_IRQHandler
                0x000000000801462c                DMA1_Stream4_IRQHandler
                0x000000000801462c                I2C1_ER_IRQHandler
                0x000000000801462c                FMC_IRQHandler
                0x000000000801462c                DMA2_Stream6_IRQHandler
                0x000000000801462c                SAI1_IRQHandler
                0x000000000801462c                RTC_Alarm_IRQHandler
 *fill*         0x000000000801462e        0x2 
 .text.startup.register_fini
                0x0000000008014630       0x14 /Users/felipeneves/Documents/toolchains/arm-gcc/bin/../lib/gcc/arm-none-eabi/5.3.1/../../../../arm-none-eabi/lib/armv7e-m/fpu/fpv5-sp-d16/libg.a(lib_a-__call_atexit.o)
 .text.atexit   0x0000000008014644        0xc /Users/felipeneves/Documents/toolchains/arm-gcc/bin/../lib/gcc/arm-none-eabi/5.3.1/../../../../arm-none-eabi/lib/armv7e-m/fpu/fpv5-sp-d16/libg.a(lib_a-atexit.o)
                0x0000000008014644                atexit
 .text.__libc_fini_array
                0x0000000008014650       0x28 /Users/felipeneves/Documents/toolchains/arm-gcc/bin/../lib/gcc/arm-none-eabi/5.3.1/../../../../arm-none-eabi/lib/armv7e-m/fpu/fpv5-sp-d16/libg.a(lib_a-fini.o)
                0x0000000008014650                __libc_fini_array
 .text.__register_exitproc
                0x0000000008014678       0xa4 /Users/felipeneves/Documents/toolchains/arm-gcc/bin/../lib/gcc/arm-none-eabi/5.3.1/../../../../arm-none-eabi/lib/armv7e-m/fpu/fpv5-sp-d16/libg.a(lib_a-__atexit.o)
                0x0000000008014678                __register_exitproc
 *(.glue_7)
 .glue_7        0x000000000801471c        0x0 linker stubs
 *(.glue_7t)
 .glue_7t       0x000000000801471c        0x0 linker stubs
 *(.eh_frame)
 .eh_frame      0x000000000801471c        0x0 /Users/felipeneves/Documents/toolchains/arm-gcc/bin/../lib/gcc/arm-none-eabi/5.3.1/armv7e-m/fpu/fpv5-sp-d16/crtbegin.o
 *(.init)
 .init          0x000000000801471c        0x4 /Users/felipeneves/Documents/toolchains/arm-gcc/bin/../lib/gcc/arm-none-eabi/5.3.1/armv7e-m/fpu/fpv5-sp-d16/crti.o
                0x000000000801471c                _init
 .init          0x0000000008014720        0x8 /Users/felipeneves/Documents/toolchains/arm-gcc/bin/../lib/gcc/arm-none-eabi/5.3.1/armv7e-m/fpu/fpv5-sp-d16/crtn.o
 *(.fini)
 .fini          0x0000000008014728        0x4 /Users/felipeneves/Documents/toolchains/arm-gcc/bin/../lib/gcc/arm-none-eabi/5.3.1/armv7e-m/fpu/fpv5-sp-d16/crti.o
                0x0000000008014728                _fini
 .fini          0x000000000801472c        0x8 /Users/felipeneves/Documents/toolchains/arm-gcc/bin/../lib/gcc/arm-none-eabi/5.3.1/armv7e-m/fpu/fpv5-sp-d16/crtn.o
                0x0000000008014734                . = ALIGN (0x4)
                0x0000000008014734                _etext = .

.vfp11_veneer   0x0000000008014734        0x0
 .vfp11_veneer  0x0000000008014734        0x0 linker stubs

.v4_bx          0x0000000008014734        0x0
 .v4_bx         0x0000000008014734        0x0 linker stubs

.iplt           0x0000000008014734        0x0
 .iplt          0x0000000008014734        0x0 /Users/felipeneves/Documents/toolchains/arm-gcc/bin/../lib/gcc/arm-none-eabi/5.3.1/armv7e-m/fpu/fpv5-sp-d16/crtbegin.o

.rodata         0x0000000008014734     0x1af4
                0x0000000008014734                . = ALIGN (0x4)
 *(.rodata)
 .rodata        0x0000000008014734        0x8 drivers/stm32f4xx_hal_dma.o
 .rodata        0x000000000801473c       0x10 drivers/stm32f4xx_hal_rcc.o
                0x000000000801473c                APBAHBPrescTable
 .rodata        0x000000000801474c        0x9 board/stm32f429i_discovery.o
                0x000000000801474c                GPIO_PIN
                0x0000000008014750                BUTTON_PIN
                0x0000000008014754                BUTTON_IRQn
 *fill*         0x0000000008014755        0x3 
 .rodata        0x0000000008014758     0x1ab8 board/Fonts/font24.o
                0x0000000008014758                Font24_Table
 .rodata        0x0000000008016210       0x10 system/system_stm32f4xx.o
                0x0000000008016210                AHBPrescTable
 *(.rodata*)
 .rodata.str1.4
                0x0000000008016220        0x4 /Users/felipeneves/Documents/toolchains/arm-gcc/bin/../lib/gcc/arm-none-eabi/5.3.1/../../../../arm-none-eabi/lib/armv7e-m/fpu/fpv5-sp-d16/libg.a(lib_a-impure.o)
                                          0x2 (size before relaxing)
 .rodata._global_impure_ptr
                0x0000000008016224        0x4 /Users/felipeneves/Documents/toolchains/arm-gcc/bin/../lib/gcc/arm-none-eabi/5.3.1/../../../../arm-none-eabi/lib/armv7e-m/fpu/fpv5-sp-d16/libg.a(lib_a-impure.o)
                0x0000000008016224                _global_impure_ptr
                0x0000000008016228                . = ALIGN (0x4)

.rel.dyn        0x0000000008016228        0x0
 .rel.iplt      0x0000000008016228        0x0 /Users/felipeneves/Documents/toolchains/arm-gcc/bin/../lib/gcc/arm-none-eabi/5.3.1/armv7e-m/fpu/fpv5-sp-d16/crtbegin.o

.ARM.extab
 *(.ARM.extab* .gnu.linkonce.armextab.*)

.ARM            0x0000000008016228        0x0
                0x0000000008016228                __exidx_start = .
 *(.ARM.exidx*)
                0x0000000008016228                __exidx_end = .

.preinit_array  0x0000000008016228        0x0
                0x0000000008016228                PROVIDE (__preinit_array_start, .)
 *(.preinit_array*)
                0x0000000008016228                PROVIDE (__preinit_array_end, .)

.init_array     0x0000000008016228        0x8
                0x0000000008016228                PROVIDE (__init_array_start, .)
 *(SORT(.init_array.*))
 .init_array.00000
                0x0000000008016228        0x4 /Users/felipeneves/Documents/toolchains/arm-gcc/bin/../lib/gcc/arm-none-eabi/5.3.1/../../../../arm-none-eabi/lib/armv7e-m/fpu/fpv5-sp-d16/libg.a(lib_a-__call_atexit.o)
 *(.init_array*)
 .init_array    0x000000000801622c        0x4 /Users/felipeneves/Documents/toolchains/arm-gcc/bin/../lib/gcc/arm-none-eabi/5.3.1/armv7e-m/fpu/fpv5-sp-d16/crtbegin.o
                0x0000000008016230                PROVIDE (__init_array_end, .)

.fini_array     0x0000000008016230        0x4
                0x0000000008016230                PROVIDE (__fini_array_start, .)
 *(SORT(.fini_array.*))
 *(.fini_array*)
 .fini_array    0x0000000008016230        0x4 /Users/felipeneves/Documents/toolchains/arm-gcc/bin/../lib/gcc/arm-none-eabi/5.3.1/armv7e-m/fpu/fpv5-sp-d16/crtbegin.o
                0x0000000008016234                PROVIDE (__fini_array_end, .)
                0x0000000008016234                _sidata = LOADADDR (.data)

.data           0x0000000020000000      0x480 load address 0x0000000008016234
                0x0000000020000000                . = ALIGN (0x4)
                0x0000000020000000                _sdata = .
 *(.data)
 .data          0x0000000020000000       0x14 board/stm32f429i_discovery.o
                0x0000000020000000                GPIO_PORT
                0x0000000020000008                BUTTON_PORT
                0x000000002000000c                I2cxTimeout
                0x0000000020000010                SpixTimeout
 .data          0x0000000020000014       0x38 board/Components/ili9341.o
                0x0000000020000014                ili9341_drv
 .data          0x000000002000004c        0x8 board/Fonts/font24.o
                0x000000002000004c                Font24
 .data          0x0000000020000054        0x4 system/system_stm32f4xx.o
                0x0000000020000054                SystemCoreClock
 *(.data*)
 .data.impure_data
                0x0000000020000058      0x428 /Users/felipeneves/Documents/toolchains/arm-gcc/bin/../lib/gcc/arm-none-eabi/5.3.1/../../../../arm-none-eabi/lib/armv7e-m/fpu/fpv5-sp-d16/libg.a(lib_a-impure.o)
                0x0000000020000480                . = ALIGN (0x4)
                0x0000000020000480                _edata = .
                0x00000000080166b4                _siccmram = LOADADDR (.ccmram)

.jcr            0x0000000020000480        0x0 load address 0x00000000080166b4
 .jcr           0x0000000020000480        0x0 /Users/felipeneves/Documents/toolchains/arm-gcc/bin/../lib/gcc/arm-none-eabi/5.3.1/armv7e-m/fpu/fpv5-sp-d16/crtbegin.o

.igot.plt       0x0000000020000480        0x0 load address 0x00000000080166b4
 .igot.plt      0x0000000020000480        0x0 /Users/felipeneves/Documents/toolchains/arm-gcc/bin/../lib/gcc/arm-none-eabi/5.3.1/armv7e-m/fpu/fpv5-sp-d16/crtbegin.o

.ccmram         0x0000000010000000        0x0 load address 0x00000000080166b4
                0x0000000010000000                . = ALIGN (0x4)
                0x0000000010000000                _sccmram = .
 *(.ccmram)
 *(.ccmram*)
                0x0000000010000000                . = ALIGN (0x4)
                0x0000000010000000                _eccmram = .
                0x0000000010000000                . = ALIGN (0x4)

.bss            0x0000000020000480      0x2ec
                0x0000000020000480                _sbss = .
                0x0000000020000480                __bss_start__ = _sbss
 *(.bss)
 .bss           0x0000000020000480       0x1c /Users/felipeneves/Documents/toolchains/arm-gcc/bin/../lib/gcc/arm-none-eabi/5.3.1/armv7e-m/fpu/fpv5-sp-d16/crtbegin.o
 .bss           0x000000002000049c       0x59 board/stm32f429i_discovery.o
 *fill*         0x00000000200004f5        0x3 
 .bss           0x00000000200004f8      0x134 board/stm32f429i_discovery_lcd.o
 .bss           0x000000002000062c       0xb8 board/stm32f429i_discovery_sdram.o
 *(.bss*)
 *(COMMON)
 COMMON         0x00000000200006e4        0x4 drivers/stm32f4xx_hal.o
                0x00000000200006e4                uwTick
 COMMON         0x00000000200006e8       0x3c drivers/stm32f4xx_hal_timebase_tim_template.o
                0x00000000200006e8                TimHandle
 COMMON         0x0000000020000724       0x44 board/stm32f429i_discovery.o
                0x0000000020000724                I2cHandle
 COMMON         0x0000000020000768        0x4 board/stm32f429i_discovery_lcd.o
                0x0000000020000768                LcdDrv
                0x000000002000076c                . = ALIGN (0x4)
                0x000000002000076c                _ebss = .
                0x000000002000076c                __bss_end__ = _ebss

._user_heap_stack
                0x000000002000076c      0x600
                0x000000002000076c                . = ALIGN (0x4)
                [!provide]                        PROVIDE (end, .)
                [!provide]                        PROVIDE (_end, .)
                0x000000002000096c                . = (. + _Min_Heap_Size)
 *fill*         0x000000002000076c      0x200 
                0x0000000020000d6c                . = (. + _Min_Stack_Size)
 *fill*         0x000000002000096c      0x400 
                0x0000000020000d6c                . = ALIGN (0x4)

/DISCARD/
 libc.a(*)
 libm.a(*)
 libgcc.a(*)

.ARM.attributes
                0x0000000000000000       0x30
 *(.ARM.attributes)
 .ARM.attributes
                0x0000000000000000       0x22 /Users/felipeneves/Documents/toolchains/arm-gcc/bin/../lib/gcc/arm-none-eabi/5.3.1/armv7e-m/fpu/fpv5-sp-d16/crti.o
 .ARM.attributes
                0x0000000000000022       0x34 /Users/felipeneves/Documents/toolchains/arm-gcc/bin/../lib/gcc/arm-none-eabi/5.3.1/armv7e-m/fpu/fpv5-sp-d16/crtbegin.o
 .ARM.attributes
                0x0000000000000056       0x39 drivers/stm32f4xx_hal.o
 .ARM.attributes
                0x000000000000008f       0x39 drivers/stm32f4xx_hal_cortex.o
 .ARM.attributes
                0x00000000000000c8       0x39 drivers/stm32f4xx_hal_dma.o
 .ARM.attributes
                0x0000000000000101       0x39 drivers/stm32f4xx_hal_dma2d.o
 .ARM.attributes
                0x000000000000013a       0x39 drivers/stm32f4xx_hal_gpio.o
 .ARM.attributes
                0x0000000000000173       0x39 drivers/stm32f4xx_hal_i2c.o
 .ARM.attributes
                0x00000000000001ac       0x39 drivers/stm32f4xx_hal_ltdc.o
 .ARM.attributes
                0x00000000000001e5       0x39 drivers/stm32f4xx_hal_msp_template.o
 .ARM.attributes
                0x000000000000021e       0x39 drivers/stm32f4xx_hal_rcc.o
 .ARM.attributes
                0x0000000000000257       0x39 drivers/stm32f4xx_hal_rcc_ex.o
 .ARM.attributes
                0x0000000000000290       0x39 drivers/stm32f4xx_hal_sdram.o
 .ARM.attributes
                0x00000000000002c9       0x39 drivers/stm32f4xx_hal_spi.o
 .ARM.attributes
                0x0000000000000302       0x39 drivers/stm32f4xx_hal_tim.o
 .ARM.attributes
                0x000000000000033b       0x39 drivers/stm32f4xx_hal_tim_ex.o
 .ARM.attributes
                0x0000000000000374       0x39 drivers/stm32f4xx_hal_timebase_tim_template.o
 .ARM.attributes
                0x00000000000003ad       0x39 drivers/stm32f4xx_ll_fmc.o
 .ARM.attributes
                0x00000000000003e6       0x39 board/stm32f429i_discovery.o
 .ARM.attributes
                0x000000000000041f       0x39 board/stm32f429i_discovery_lcd.o
 .ARM.attributes
                0x0000000000000458       0x39 board/stm32f429i_discovery_sdram.o
 .ARM.attributes
                0x0000000000000491       0x39 board/Components/ili9341.o
 .ARM.attributes
                0x00000000000004ca       0x39 board/Fonts/font24.o
 .ARM.attributes
                0x0000000000000503       0x39 main.o
 .ARM.attributes
                0x000000000000053c       0x39 system/system_stm32f4xx.o
 .ARM.attributes
                0x0000000000000575       0x21 /var/folders/wv/1vw_7vkx389fy9rnb4zx77wr0000gn/T//ccUB1eXD.o
 .ARM.attributes
                0x0000000000000596       0x34 /Users/felipeneves/Documents/toolchains/arm-gcc/bin/../lib/gcc/arm-none-eabi/5.3.1/../../../../arm-none-eabi/lib/armv7e-m/fpu/fpv5-sp-d16/libg.a(lib_a-impure.o)
 .ARM.attributes
                0x00000000000005ca       0x34 /Users/felipeneves/Documents/toolchains/arm-gcc/bin/../lib/gcc/arm-none-eabi/5.3.1/../../../../arm-none-eabi/lib/armv7e-m/fpu/fpv5-sp-d16/libg.a(lib_a-__call_atexit.o)
 .ARM.attributes
                0x00000000000005fe       0x34 /Users/felipeneves/Documents/toolchains/arm-gcc/bin/../lib/gcc/arm-none-eabi/5.3.1/../../../../arm-none-eabi/lib/armv7e-m/fpu/fpv5-sp-d16/libg.a(lib_a-atexit.o)
 .ARM.attributes
                0x0000000000000632       0x34 /Users/felipeneves/Documents/toolchains/arm-gcc/bin/../lib/gcc/arm-none-eabi/5.3.1/../../../../arm-none-eabi/lib/armv7e-m/fpu/fpv5-sp-d16/libg.a(lib_a-fini.o)
 .ARM.attributes
                0x0000000000000666       0x34 /Users/felipeneves/Documents/toolchains/arm-gcc/bin/../lib/gcc/arm-none-eabi/5.3.1/../../../../arm-none-eabi/lib/armv7e-m/fpu/fpv5-sp-d16/libg.a(lib_a-__atexit.o)
 .ARM.attributes
                0x000000000000069a       0x22 /Users/felipeneves/Documents/toolchains/arm-gcc/bin/../lib/gcc/arm-none-eabi/5.3.1/armv7e-m/fpu/fpv5-sp-d16/crtn.o
OUTPUT(stm32f4_fota.elf elf32-littlearm)

.debug_info     0x0000000000000000    0x126da
 .debug_info    0x0000000000000000      0x919 drivers/stm32f4xx_hal.o
 .debug_info    0x0000000000000919      0xd52 drivers/stm32f4xx_hal_cortex.o
 .debug_info    0x000000000000166b      0x709 drivers/stm32f4xx_hal_dma.o
 .debug_info    0x0000000000001d74      0xaa3 drivers/stm32f4xx_hal_dma2d.o
 .debug_info    0x0000000000002817      0x735 drivers/stm32f4xx_hal_gpio.o
 .debug_info    0x0000000000002f4c     0x1eee drivers/stm32f4xx_hal_i2c.o
 .debug_info    0x0000000000004e3a      0xc4f drivers/stm32f4xx_hal_ltdc.o
 .debug_info    0x0000000000005a89       0xec drivers/stm32f4xx_hal_msp_template.o
 .debug_info    0x0000000000005b75      0xb53 drivers/stm32f4xx_hal_rcc.o
 .debug_info    0x00000000000066c8      0x87f drivers/stm32f4xx_hal_rcc_ex.o
 .debug_info    0x0000000000006f47      0xc09 drivers/stm32f4xx_hal_sdram.o
 .debug_info    0x0000000000007b50     0x12b9 drivers/stm32f4xx_hal_spi.o
 .debug_info    0x0000000000008e09     0x2194 drivers/stm32f4xx_hal_tim.o
 .debug_info    0x000000000000af9d      0xf5a drivers/stm32f4xx_hal_tim_ex.o
 .debug_info    0x000000000000bef7      0xb10 drivers/stm32f4xx_hal_timebase_tim_template.o
 .debug_info    0x000000000000ca07      0xe6a drivers/stm32f4xx_ll_fmc.o
 .debug_info    0x000000000000d871     0x1776 board/stm32f429i_discovery.o
 .debug_info    0x000000000000efe7     0x1e4b board/stm32f429i_discovery_lcd.o
 .debug_info    0x0000000000010e32      0xdbd board/stm32f429i_discovery_sdram.o
 .debug_info    0x0000000000011bef      0x339 board/Components/ili9341.o
 .debug_info    0x0000000000011f28      0x117 board/Fonts/font24.o
 .debug_info    0x000000000001203f      0x10e main.o
 .debug_info    0x000000000001214d      0x514 system/system_stm32f4xx.o
 .debug_info    0x0000000000012661       0x79 /var/folders/wv/1vw_7vkx389fy9rnb4zx77wr0000gn/T//ccUB1eXD.o

.debug_abbrev   0x0000000000000000     0x2887
 .debug_abbrev  0x0000000000000000      0x1fb drivers/stm32f4xx_hal.o
 .debug_abbrev  0x00000000000001fb      0x2c9 drivers/stm32f4xx_hal_cortex.o
 .debug_abbrev  0x00000000000004c4      0x206 drivers/stm32f4xx_hal_dma.o
 .debug_abbrev  0x00000000000006ca      0x1f8 drivers/stm32f4xx_hal_dma2d.o
 .debug_abbrev  0x00000000000008c2      0x1ac drivers/stm32f4xx_hal_gpio.o
 .debug_abbrev  0x0000000000000a6e      0x1ec drivers/stm32f4xx_hal_i2c.o
 .debug_abbrev  0x0000000000000c5a      0x1f7 drivers/stm32f4xx_hal_ltdc.o
 .debug_abbrev  0x0000000000000e51       0x67 drivers/stm32f4xx_hal_msp_template.o
 .debug_abbrev  0x0000000000000eb8      0x296 drivers/stm32f4xx_hal_rcc.o
 .debug_abbrev  0x000000000000114e      0x1b3 drivers/stm32f4xx_hal_rcc_ex.o
 .debug_abbrev  0x0000000000001301      0x1da drivers/stm32f4xx_hal_sdram.o
 .debug_abbrev  0x00000000000014db      0x1f9 drivers/stm32f4xx_hal_spi.o
 .debug_abbrev  0x00000000000016d4      0x208 drivers/stm32f4xx_hal_tim.o
 .debug_abbrev  0x00000000000018dc      0x1ff drivers/stm32f4xx_hal_tim_ex.o
 .debug_abbrev  0x0000000000001adb      0x1b2 drivers/stm32f4xx_hal_timebase_tim_template.o
 .debug_abbrev  0x0000000000001c8d      0x16f drivers/stm32f4xx_ll_fmc.o
 .debug_abbrev  0x0000000000001dfc      0x255 board/stm32f429i_discovery.o
 .debug_abbrev  0x0000000000002051      0x27e board/stm32f429i_discovery_lcd.o
 .debug_abbrev  0x00000000000022cf      0x1e2 board/stm32f429i_discovery_sdram.o
 .debug_abbrev  0x00000000000024b1      0x141 board/Components/ili9341.o
 .debug_abbrev  0x00000000000025f2       0x95 board/Fonts/font24.o
 .debug_abbrev  0x0000000000002687       0xaa main.o
 .debug_abbrev  0x0000000000002731      0x144 system/system_stm32f4xx.o
 .debug_abbrev  0x0000000000002875       0x12 /var/folders/wv/1vw_7vkx389fy9rnb4zx77wr0000gn/T//ccUB1eXD.o

.debug_aranges  0x0000000000000000      0x300
 .debug_aranges
                0x0000000000000000       0x20 drivers/stm32f4xx_hal.o
 .debug_aranges
                0x0000000000000020       0x20 drivers/stm32f4xx_hal_cortex.o
 .debug_aranges
                0x0000000000000040       0x20 drivers/stm32f4xx_hal_dma.o
 .debug_aranges
                0x0000000000000060       0x20 drivers/stm32f4xx_hal_dma2d.o
 .debug_aranges
                0x0000000000000080       0x20 drivers/stm32f4xx_hal_gpio.o
 .debug_aranges
                0x00000000000000a0       0x20 drivers/stm32f4xx_hal_i2c.o
 .debug_aranges
                0x00000000000000c0       0x20 drivers/stm32f4xx_hal_ltdc.o
 .debug_aranges
                0x00000000000000e0       0x20 drivers/stm32f4xx_hal_msp_template.o
 .debug_aranges
                0x0000000000000100       0x20 drivers/stm32f4xx_hal_rcc.o
 .debug_aranges
                0x0000000000000120       0x20 drivers/stm32f4xx_hal_rcc_ex.o
 .debug_aranges
                0x0000000000000140       0x20 drivers/stm32f4xx_hal_sdram.o
 .debug_aranges
                0x0000000000000160       0x20 drivers/stm32f4xx_hal_spi.o
 .debug_aranges
                0x0000000000000180       0x20 drivers/stm32f4xx_hal_tim.o
 .debug_aranges
                0x00000000000001a0       0x20 drivers/stm32f4xx_hal_tim_ex.o
 .debug_aranges
                0x00000000000001c0       0x20 drivers/stm32f4xx_hal_timebase_tim_template.o
 .debug_aranges
                0x00000000000001e0       0x20 drivers/stm32f4xx_ll_fmc.o
 .debug_aranges
                0x0000000000000200       0x20 board/stm32f429i_discovery.o
 .debug_aranges
                0x0000000000000220       0x20 board/stm32f429i_discovery_lcd.o
 .debug_aranges
                0x0000000000000240       0x20 board/stm32f429i_discovery_sdram.o
 .debug_aranges
                0x0000000000000260       0x20 board/Components/ili9341.o
 .debug_aranges
                0x0000000000000280       0x18 board/Fonts/font24.o
 .debug_aranges
                0x0000000000000298       0x20 main.o
 .debug_aranges
                0x00000000000002b8       0x20 system/system_stm32f4xx.o
 .debug_aranges
                0x00000000000002d8       0x28 /var/folders/wv/1vw_7vkx389fy9rnb4zx77wr0000gn/T//ccUB1eXD.o

.debug_line     0x0000000000000000     0x61fc
 .debug_line    0x0000000000000000      0x21a drivers/stm32f4xx_hal.o
 .debug_line    0x000000000000021a      0x2a7 drivers/stm32f4xx_hal_cortex.o
 .debug_line    0x00000000000004c1      0x2e0 drivers/stm32f4xx_hal_dma.o
 .debug_line    0x00000000000007a1      0x44b drivers/stm32f4xx_hal_dma2d.o
 .debug_line    0x0000000000000bec      0x323 drivers/stm32f4xx_hal_gpio.o
 .debug_line    0x0000000000000f0f      0xfa8 drivers/stm32f4xx_hal_i2c.o
 .debug_line    0x0000000000001eb7      0x5a2 drivers/stm32f4xx_hal_ltdc.o
 .debug_line    0x0000000000002459      0x13c drivers/stm32f4xx_hal_msp_template.o
 .debug_line    0x0000000000002595      0x414 drivers/stm32f4xx_hal_rcc.o
 .debug_line    0x00000000000029a9      0x348 drivers/stm32f4xx_hal_rcc_ex.o
 .debug_line    0x0000000000002cf1      0x3ce drivers/stm32f4xx_hal_sdram.o
 .debug_line    0x00000000000030bf      0x773 drivers/stm32f4xx_hal_spi.o
 .debug_line    0x0000000000003832      0xdd0 drivers/stm32f4xx_hal_tim.o
 .debug_line    0x0000000000004602      0x594 drivers/stm32f4xx_hal_tim_ex.o
 .debug_line    0x0000000000004b96      0x1dc drivers/stm32f4xx_hal_timebase_tim_template.o
 .debug_line    0x0000000000004d72      0x3a5 drivers/stm32f4xx_ll_fmc.o
 .debug_line    0x0000000000005117      0x33d board/stm32f429i_discovery.o
 .debug_line    0x0000000000005454      0x571 board/stm32f429i_discovery_lcd.o
 .debug_line    0x00000000000059c5      0x242 board/stm32f429i_discovery_sdram.o
 .debug_line    0x0000000000005c07      0x1b1 board/Components/ili9341.o
 .debug_line    0x0000000000005db8       0xf9 board/Fonts/font24.o
 .debug_line    0x0000000000005eb1      0x166 main.o
 .debug_line    0x0000000000006017      0x16b system/system_stm32f4xx.o
 .debug_line    0x0000000000006182       0x7a /var/folders/wv/1vw_7vkx389fy9rnb4zx77wr0000gn/T//ccUB1eXD.o

.debug_str      0x0000000000000000     0x5b8f
 .debug_str     0x0000000000000000      0xa68 drivers/stm32f4xx_hal.o
                                        0xac8 (size before relaxing)
 .debug_str     0x0000000000000a68      0x3bf drivers/stm32f4xx_hal_cortex.o
                                        0xc23 (size before relaxing)
 .debug_str     0x0000000000000e27      0x3dc drivers/stm32f4xx_hal_dma.o
                                        0x632 (size before relaxing)
 .debug_str     0x0000000000001203      0x42b drivers/stm32f4xx_hal_dma2d.o
                                        0x6da (size before relaxing)
 .debug_str     0x000000000000162e      0x1ae drivers/stm32f4xx_hal_gpio.o
                                        0x4df (size before relaxing)
 .debug_str     0x00000000000017dc      0x99f drivers/stm32f4xx_hal_i2c.o
                                        0xe9c (size before relaxing)
 .debug_str     0x000000000000217b      0x524 drivers/stm32f4xx_hal_ltdc.o
                                        0x7da (size before relaxing)
 .debug_str     0x000000000000269f       0x47 drivers/stm32f4xx_hal_msp_template.o
                                        0x1e1 (size before relaxing)
 .debug_str     0x00000000000026e6      0x2ca drivers/stm32f4xx_hal_rcc.o
                                        0x693 (size before relaxing)
 .debug_str     0x00000000000029b0      0x150 drivers/stm32f4xx_hal_rcc_ex.o
                                        0x492 (size before relaxing)
 .debug_str     0x0000000000002b00      0x4cd drivers/stm32f4xx_hal_sdram.o
                                        0x99f (size before relaxing)
 .debug_str     0x0000000000002fcd      0x614 drivers/stm32f4xx_hal_spi.o
                                        0xb20 (size before relaxing)
 .debug_str     0x00000000000035e1      0xe84 drivers/stm32f4xx_hal_tim.o
                                       0x138b (size before relaxing)
 .debug_str     0x0000000000004465      0x51f drivers/stm32f4xx_hal_tim_ex.o
                                        0xc3e (size before relaxing)
 .debug_str     0x0000000000004984       0x82 drivers/stm32f4xx_hal_timebase_tim_template.o
                                        0xde0 (size before relaxing)
 .debug_str     0x0000000000004a06      0x585 drivers/stm32f4xx_ll_fmc.o
                                        0x98d (size before relaxing)
 .debug_str     0x0000000000004f8b      0x35c board/stm32f429i_discovery.o
                                       0x131e (size before relaxing)
 .debug_str     0x00000000000052e7      0x638 board/stm32f429i_discovery_lcd.o
                                       0x1049 (size before relaxing)
 .debug_str     0x000000000000591f      0x122 board/stm32f429i_discovery_sdram.o
                                        0xf25 (size before relaxing)
 .debug_str     0x0000000000005a41       0xcb board/Components/ili9341.o
                                        0x319 (size before relaxing)
 .debug_str     0x0000000000005b0c       0x22 board/Fonts/font24.o
                                        0x1bf (size before relaxing)
 .debug_str     0x0000000000005b2e        0xc main.o
                                        0x1ba (size before relaxing)
 .debug_str     0x0000000000005b3a       0x55 system/system_stm32f4xx.o
                                        0x39f (size before relaxing)

.comment        0x0000000000000000       0x6e
 .comment       0x0000000000000000       0x6e drivers/stm32f4xx_hal.o
                                         0x6f (size before relaxing)
 .comment       0x000000000000006e       0x6f drivers/stm32f4xx_hal_cortex.o
 .comment       0x000000000000006e       0x6f drivers/stm32f4xx_hal_dma.o
 .comment       0x000000000000006e       0x6f drivers/stm32f4xx_hal_dma2d.o
 .comment       0x000000000000006e       0x6f drivers/stm32f4xx_hal_gpio.o
 .comment       0x000000000000006e       0x6f drivers/stm32f4xx_hal_i2c.o
 .comment       0x000000000000006e       0x6f drivers/stm32f4xx_hal_ltdc.o
 .comment       0x000000000000006e       0x6f drivers/stm32f4xx_hal_msp_template.o
 .comment       0x000000000000006e       0x6f drivers/stm32f4xx_hal_rcc.o
 .comment       0x000000000000006e       0x6f drivers/stm32f4xx_hal_rcc_ex.o
 .comment       0x000000000000006e       0x6f drivers/stm32f4xx_hal_sdram.o
 .comment       0x000000000000006e       0x6f drivers/stm32f4xx_hal_spi.o
 .comment       0x000000000000006e       0x6f drivers/stm32f4xx_hal_tim.o
 .comment       0x000000000000006e       0x6f drivers/stm32f4xx_hal_tim_ex.o
 .comment       0x000000000000006e       0x6f drivers/stm32f4xx_hal_timebase_tim_template.o
 .comment       0x000000000000006e       0x6f drivers/stm32f4xx_ll_fmc.o
 .comment       0x000000000000006e       0x6f board/stm32f429i_discovery.o
 .comment       0x000000000000006e       0x6f board/stm32f429i_discovery_lcd.o
 .comment       0x000000000000006e       0x6f board/stm32f429i_discovery_sdram.o
 .comment       0x000000000000006e       0x6f board/Components/ili9341.o
 .comment       0x000000000000006e       0x6f board/Fonts/font24.o
 .comment       0x000000000000006e       0x6f main.o
 .comment       0x000000000000006e       0x6f system/system_stm32f4xx.o

.debug_frame    0x0000000000000000     0x544c
 .debug_frame   0x0000000000000000      0x310 drivers/stm32f4xx_hal.o
 .debug_frame   0x0000000000000310      0x450 drivers/stm32f4xx_hal_cortex.o
 .debug_frame   0x0000000000000760      0x1b0 drivers/stm32f4xx_hal_dma.o
 .debug_frame   0x0000000000000910      0x3ac drivers/stm32f4xx_hal_dma2d.o
 .debug_frame   0x0000000000000cbc      0x14c drivers/stm32f4xx_hal_gpio.o
 .debug_frame   0x0000000000000e08      0xadc drivers/stm32f4xx_hal_i2c.o
 .debug_frame   0x00000000000018e4      0x400 drivers/stm32f4xx_hal_ltdc.o
 .debug_frame   0x0000000000001ce4       0x90 drivers/stm32f4xx_hal_msp_template.o
 .debug_frame   0x0000000000001d74      0x200 drivers/stm32f4xx_hal_rcc.o
 .debug_frame   0x0000000000001f74       0x80 drivers/stm32f4xx_hal_rcc_ex.o
 .debug_frame   0x0000000000001ff4      0x37c drivers/stm32f4xx_hal_sdram.o
 .debug_frame   0x0000000000002370      0x790 drivers/stm32f4xx_hal_spi.o
 .debug_frame   0x0000000000002b00      0xfb4 drivers/stm32f4xx_hal_tim.o
 .debug_frame   0x0000000000003ab4      0x574 drivers/stm32f4xx_hal_tim_ex.o
 .debug_frame   0x0000000000004028       0xb4 drivers/stm32f4xx_hal_timebase_tim_template.o
 .debug_frame   0x00000000000040dc      0x440 drivers/stm32f4xx_ll_fmc.o
 .debug_frame   0x000000000000451c      0x4ec board/stm32f429i_discovery.o
 .debug_frame   0x0000000000004a08      0x658 board/stm32f429i_discovery_lcd.o
 .debug_frame   0x0000000000005060      0x144 board/stm32f429i_discovery_sdram.o
 .debug_frame   0x00000000000051a4      0x12c board/Components/ili9341.o
 .debug_frame   0x00000000000052d0       0x30 main.o
 .debug_frame   0x0000000000005300       0x74 system/system_stm32f4xx.o
 .debug_frame   0x0000000000005374       0x50 /Users/felipeneves/Documents/toolchains/arm-gcc/bin/../lib/gcc/arm-none-eabi/5.3.1/../../../../arm-none-eabi/lib/armv7e-m/fpu/fpv5-sp-d16/libg.a(lib_a-__call_atexit.o)
 .debug_frame   0x00000000000053c4       0x20 /Users/felipeneves/Documents/toolchains/arm-gcc/bin/../lib/gcc/arm-none-eabi/5.3.1/../../../../arm-none-eabi/lib/armv7e-m/fpu/fpv5-sp-d16/libg.a(lib_a-atexit.o)
 .debug_frame   0x00000000000053e4       0x34 /Users/felipeneves/Documents/toolchains/arm-gcc/bin/../lib/gcc/arm-none-eabi/5.3.1/../../../../arm-none-eabi/lib/armv7e-m/fpu/fpv5-sp-d16/libg.a(lib_a-fini.o)
 .debug_frame   0x0000000000005418       0x34 /Users/felipeneves/Documents/toolchains/arm-gcc/bin/../lib/gcc/arm-none-eabi/5.3.1/../../../../arm-none-eabi/lib/armv7e-m/fpu/fpv5-sp-d16/libg.a(lib_a-__atexit.o)

.debug_ranges   0x0000000000000000       0x20
 .debug_ranges  0x0000000000000000       0x20 /var/folders/wv/1vw_7vkx389fy9rnb4zx77wr0000gn/T//ccUB1eXD.o
